Cell 3/218: from pathlib import Path
Cell 6/218: %%submission_source EDA/scripts/data_overview.py
Cell 8/218: %%submission_source EDA/scripts/eda_daily_pattern.py
Cell 10/218: %%submission_source EDA/scripts/eda_daily_repetition.py
Cell 12/218: %%submission_source EDA/scripts/eda_figures.py
Cell 14/218: %%submission_source EDA/scripts/eda_slot_time_patterns.py
Cell 16/218: %%submission_source EDA/scripts/eda_variable_relations.py
Cell 18/218: %%submission_source EDA/scripts/eda_weekday_power_levels.py
Cell 20/218: %%submission_source EDA/scripts/p01_peak_shapes.py
Cell 22/218: %%submission_source EDA/scripts/plot_daily_repetition_simple.py
Cell 24/218: %%submission_source EDA/scripts/plot_monthly_power_heatmap.py
Cell 26/218: %%submission_source EDA/scripts/plot_report_daily_patterns.py
Cell 28/218: %%submission_source EDA/scripts/verify_monthly_power_heatmap.py
Cell 31/218: %%submission_source Analysis/scripts/a01_production_changes.py
Cell 33/218: %%submission_source Analysis/scripts/a01_relative_changes.py
Cell 35/218: %%submission_source Analysis/scripts/a02_prior_power_signals.py
Cell 37/218: %%submission_source Analysis/scripts/a02_signal_diagnostics.py
Cell 39/218: %%submission_source Analysis/scripts/a02_transition_forecast.py
Cell 41/218: %%submission_source Analysis/scripts/a02_transition_review.py
Cell 43/218: %%submission_source Analysis/scripts/a03_conditioned_weather.py
Cell 45/218: %%submission_source Analysis/scripts/a03_weather_diagnostics.py
Cell 47/218: %%submission_source Analysis/scripts/a04_maximum_conditions.py
Cell 49/218: %%submission_source Analysis/scripts/a04_maximum_diagnostics.py
Cell 51/218: %%submission_source Analysis/scripts/a04_support_diagnostics.py
Cell 53/218: %%submission_source Analysis/scripts/a04_terminal_unique.py
Cell 55/218: %%submission_source Analysis/scripts/a06_power_state_transitions.py
Cell 57/218: %%submission_source Analysis/scripts/plot_a01_production_changes.py
Cell 59/218: %%submission_source Analysis/scripts/plot_a03_weather.py
Cell 61/218: %%submission_source Analysis/scripts/plot_a04_terminal_slots.py
Cell 63/218: %%submission_source Analysis/scripts/plot_analysis_transition_summary.py
Cell 66/218: %%submission_source Modeling/scripts/error_warning.py
Cell 68/218: %%submission_source Modeling/scripts/error_warning_fit.py
Cell 70/218: %%submission_source Modeling/scripts/error_warning_verify.py
Cell 72/218: %%submission_source Modeling/scripts/m01_prepare.py
Cell 74/218: %%submission_source Modeling/scripts/m01_verify.py
Cell 76/218: %%submission_source Modeling/scripts/m022_compare.py
Cell 78/218: %%submission_source Modeling/scripts/m022_environment.py
Cell 80/218: %%submission_source Modeling/scripts/m02_compare.py
Cell 82/218: %%submission_source Modeling/scripts/m02_rerun.py
Cell 84/218: %%submission_source Modeling/scripts/m02_rerun_document_verify.py
Cell 86/218: %%submission_source Modeling/scripts/m02_rerun_documents.py
Cell 88/218: %%submission_source Modeling/scripts/m02_rerun_verify.py
Cell 90/218: %%submission_source Modeling/scripts/m02_verify.py
Cell 92/218: %%submission_source Modeling/scripts/m03_ablation.py
Cell 94/218: %%submission_source Modeling/scripts/m03_error_followup.py
Cell 96/218: %%submission_source Modeling/scripts/m03_verify.py
Cell 98/218: %%submission_source Modeling/scripts/m04_compare.py
Cell 100/218: %%submission_source Modeling/scripts/m04_rise_compare.py
Cell 102/218: %%submission_source Modeling/scripts/m04_rise_documents.py
Cell 104/218: %%submission_source Modeling/scripts/m04_rise_gate.py
Cell 106/218: %%submission_source Modeling/scripts/m04_rise_gate_verify.py
Cell 108/218: %%submission_source Modeling/scripts/m04_rise_verify.py
Cell 110/218: %%submission_source Modeling/scripts/m04_surge_calibration.py
Cell 112/218: %%submission_source Modeling/scripts/m04_surge_calibration_verify.py
Cell 114/218: %%submission_source Modeling/scripts/m04_surge_diagnose.py
Cell 116/218: %%submission_source Modeling/scripts/m04_surge_documents.py
Cell 118/218: %%submission_source Modeling/scripts/m04_surge_risk.py
Cell 120/218: %%submission_source Modeling/scripts/m04_surge_risk_verify.py
Cell 122/218: %%submission_source Modeling/scripts/m04_surge_verify.py
Cell 124/218: %%submission_source Modeling/scripts/m04_verify.py
Cell 126/218: %%submission_source Modeling/scripts/m05_documents.py
Cell 128/218: %%submission_source Modeling/scripts/m05_evaluate.py
Cell 130/218: %%submission_source Modeling/scripts/m05_verify.py
Cell 132/218: %%submission_source Modeling/scripts/modeling_close_analysis.py
Cell 134/218: %%submission_source Modeling/scripts/modeling_close_documents.py
Cell 136/218: %%submission_source Modeling/scripts/modeling_close_figures.py
Cell 138/218: %%submission_source Modeling/scripts/modeling_close_verify.py
Cell 140/218: %%submission_source Modeling/scripts/modeling_reproduce_selected.py
Cell 142/218: %%submission_source Modeling/scripts/modeling_submission_audit.py
Cell 144/218: %%submission_source Modeling/scripts/plot_m02_manuscript.py
Cell 146/218: %%submission_source Modeling/scripts/plot_m03_manuscript.py
Cell 148/218: %%submission_source Modeling/scripts/plot_observed_power_timeline.py
Cell 150/218: %%submission_source Modeling/scripts/priority_review.py
Cell 152/218: %%submission_source Modeling/scripts/priority_review_documents.py
Cell 154/218: %%submission_source Modeling/scripts/priority_review_verify.py
Cell 156/218: %%submission_source Modeling/scripts/profile_history.py
Cell 158/218: %%submission_source Modeling/scripts/profile_history_verify.py
Cell 160/218: %%submission_source Modeling/scripts/redevelopment_compare.py
Cell 162/218: %%submission_source Modeling/scripts/redevelopment_documents.py
Cell 164/218: %%submission_source Modeling/scripts/redevelopment_peak.py
Cell 166/218: %%submission_source Modeling/scripts/redevelopment_peak_verify.py
Cell 168/218: %%submission_source Modeling/scripts/redevelopment_r01.py
Cell 170/218: %%submission_source Modeling/scripts/redevelopment_verify.py
Cell 172/218: %%submission_source Modeling/scripts/regime_age_ablation.py
Cell 174/218: %%submission_source Modeling/scripts/regime_age_ablation_verify.py
Cell 176/218: %%submission_source Modeling/scripts/regime_age_calendar_control.py
Cell 178/218: %%submission_source Modeling/scripts/regime_diagnose.py
Cell 180/218: %%submission_source Modeling/scripts/regime_diagnose_verify.py
Cell 182/218: %%submission_source Modeling/scripts/regime_followup.py
Cell 184/218: %%submission_source Modeling/scripts/regime_followup_verify.py
Cell 186/218: %%submission_source Modeling/scripts/regime_forecast.py
Cell 188/218: %%submission_source Modeling/scripts/regime_forecast_verify.py
Cell 190/218: %%submission_source Modeling/scripts/regime_integrate.py
Cell 192/218: %%submission_source Modeling/scripts/regime_integrate_verify.py
Cell 194/218: %%submission_source Modeling/scripts/regime_manuscript_documents.py
Cell 196/218: %%submission_source Modeling/scripts/regime_route.py
Cell 198/218: %%submission_source Modeling/scripts/regime_route_verify.py
Cell 200/218: %%submission_source Modeling/scripts/verify_m03_documents.py
Cell 204/218: RAW_SOURCE = PACKAGE/'data/origin/okm_augumented_2021.csv'
Cell 205/218: with computation_paths():
Cell 208/218: with computation_paths():
Cell 211/218: with computation_paths():
Cell 214/218: def verify_historical():
Cell 216/218: current=MODULES['modeling_close_analysis']
Cell 218/218: assert len(PREPARED_READ_LOG)>0, '전처리 입력 사용 기록 없음'
NOTEBOOK EXECUTION PASSED
