CELL 3/76 from pathlib import Path
CELL 5/76 raw_data = pd.read_csv(SOURCE, encoding="utf-8-sig")
CELL 8/76 slot_mean=raw_data[SLOTS].mean(axis=1)
CELL 11/76 missing=raw_data.isna().sum().rename("결측 셀 수").rename_axis("변수").reset_index()
CELL 14/76 rows=[]
CELL 17/76 daily_profiles={date:hashlib.sha256(g[SLOTS].to_numpy(dtype=np.int64).tobytes())
CELL 20/76 hourly=data.groupby(["weekend","시간"])[["생산량","평균"]].mean().reset_index()
CELL 23/76 day_power=data.pivot(index="date",columns="시간",values="평균")
CELL 26/76 grid=data.set_index("timestamp").reindex(pd.date_range("2021-01-01","2021-08-31 
CELL 29/76 variables=["생산량"]+WEATHER+["평균"]
CELL 32/76 weekday=data.loc[data.weekend.eq(0)]
CELL 35/76 centered=data[SLOTS].sub(data.level,axis=0)
CELL 38/76 def build_pairs():
CELL 40/76 show_table(pairs.groupby(["change","transition"]).size().rename("시간 수").reset_in
CELL 43/76 def power_state(v):
CELL 46/76 def transition_matrix(frame,features):
CELL 49/76 def weather_association(sample,feature,adjustment,mode):
CELL 52/76 def terminal_compare(sample, mode='date_hour', adjustment='mean_maximum'):
CELL 55/76 FEATURE_CONTRACT = {'period': [20210101, 20210831],
CELL 57/76 SELECTED_CONFIGS = [
CELL 60/76 ablation_parts=[]
CELL 63/76 MODEL_SETTINGS = {'onset_definition': {'thresholds': {'up': 59.5, 'down': 42.924
CELL 66/76 features=MODEL_SETTINGS["classification_features"]
CELL 69/76 def detection(g):
CELL 72/76 scaler,linear=clf[0],clf[1]
CELL 75/76 reference_class=pd.read_csv(PACKAGE/"reference/고정_분류예측.csv",encoding="utf-8-sig"
{"status": "passed", "cells": 76, "code_cells": 26, "figures": 15, "executed_code_cells": 26, "elapsed_seconds": 18.44, "runtime": "C:\\Program Files\\Python313\\python.exe", "clean_virtualenv_tested": false}
